exports[`MessageList matches snapshot 1`] = `
ShallowWrapper {
  "complexSelector": ComplexSelector {
    "buildPredicate": [Function],
    "childrenOfNode": [Function],
    "findWhereUnwrapped": [Function],
  },
  "length": 1,
  "node": <ul>
    <MessageListItem
        message={
            Object {
                "id": "cd445e6d-e514-424f-ba8f-16ec842002c6",
                "message": "Quisque erat eros, viverra eget, congue eget, semper rutrum, nulla.",
                "timestamp": "2017-02-09T04:27:38Z",
                "user": Object {
                  "avatar": "http://dummyimage.com/100x100.jpg/5fa2dd/ffffff",
                  "email": "arosec@bbb.org",
                  "firstName": "Albert",
                  "id": "fe27b760-a915-475c-80bb-7cdf14cc6ef3",
                  "ip": "20.79.231.223",
                  "lastName": "Rose",
                },
                "userId": "fe27b760-a915-475c-80bb-7cdf14cc6ef3",
              }
        } />
</ul>,
  "nodes": Array [
    <ul>
      <MessageListItem
            message={
                  Object {
                        "id": "cd445e6d-e514-424f-ba8f-16ec842002c6",
                        "message": "Quisque erat eros, viverra eget, congue eget, semper rutrum, nulla.",
                        "timestamp": "2017-02-09T04:27:38Z",
                        "user": Object {
                          "avatar": "http://dummyimage.com/100x100.jpg/5fa2dd/ffffff",
                          "email": "arosec@bbb.org",
                          "firstName": "Albert",
                          "id": "fe27b760-a915-475c-80bb-7cdf14cc6ef3",
                          "ip": "20.79.231.223",
                          "lastName": "Rose",
                        },
                        "userId": "fe27b760-a915-475c-80bb-7cdf14cc6ef3",
                      }
            } />
</ul>,
  ],
  "options": Object {},
  "renderer": ReactShallowRenderer {
    "_instance": ShallowComponentWrapper {
      "_calledComponentWillUnmount": false,
      "_compositeType": 2,
      "_context": Object {},
      "_currentElement": <MessageList
        messages={
                Array [
                        Object {
                          "id": "cd445e6d-e514-424f-ba8f-16ec842002c6",
                          "message": "Quisque erat eros, viverra eget, congue eget, semper rutrum, nulla.",
                          "timestamp": "2017-02-09T04:27:38Z",
                          "user": Object {
                            "avatar": "http://dummyimage.com/100x100.jpg/5fa2dd/ffffff",
                            "email": "arosec@bbb.org",
                            "firstName": "Albert",
                            "id": "fe27b760-a915-475c-80bb-7cdf14cc6ef3",
                            "ip": "20.79.231.223",
                            "lastName": "Rose",
                          },
                          "userId": "fe27b760-a915-475c-80bb-7cdf14cc6ef3",
                        },
                      ]
        } />,
      "_debugID": 1,
      "_hostContainerInfo": null,
      "_hostParent": null,
      "_instance": StatelessComponent {
        "_reactInternalInstance": [Circular],
        "context": Object {},
        "props": Object {
          "messages": Array [
            Object {
              "id": "cd445e6d-e514-424f-ba8f-16ec842002c6",
              "message": "Quisque erat eros, viverra eget, congue eget, semper rutrum, nulla.",
              "timestamp": "2017-02-09T04:27:38Z",
              "user": Object {
                "avatar": "http://dummyimage.com/100x100.jpg/5fa2dd/ffffff",
                "email": "arosec@bbb.org",
                "firstName": "Albert",
                "id": "fe27b760-a915-475c-80bb-7cdf14cc6ef3",
                "ip": "20.79.231.223",
                "lastName": "Rose",
              },
              "userId": "fe27b760-a915-475c-80bb-7cdf14cc6ef3",
            },
          ],
        },
        "refs": Object {},
        "state": null,
        "updater": Object {
          "enqueueCallback": [Function],
          "enqueueCallbackInternal": [Function],
          "enqueueElementInternal": [Function],
          "enqueueForceUpdate": [Function],
          "enqueueReplaceState": [Function],
          "enqueueSetState": [Function],
          "isMounted": [Function],
          "validateCallback": [Function],
        },
      },
      "_mountOrder": 1,
      "_pendingCallbacks": null,
      "_pendingElement": null,
      "_pendingForceUpdate": false,
      "_pendingReplaceState": false,
      "_pendingStateQueue": null,
      "_renderedComponent": NoopInternalComponent {
        "_currentElement": <ul>
          <MessageListItem
                    message={
                              Object {
                                        "id": "cd445e6d-e514-424f-ba8f-16ec842002c6",
                                        "message": "Quisque erat eros, viverra eget, congue eget, semper rutrum, nulla.",
                                        "timestamp": "2017-02-09T04:27:38Z",
                                        "user": Object {
                                          "avatar": "http://dummyimage.com/100x100.jpg/5fa2dd/ffffff",
                                          "email": "arosec@bbb.org",
                                          "firstName": "Albert",
                                          "id": "fe27b760-a915-475c-80bb-7cdf14cc6ef3",
                                          "ip": "20.79.231.223",
                                          "lastName": "Rose",
                                        },
                                        "userId": "fe27b760-a915-475c-80bb-7cdf14cc6ef3",
                                      }
                    } />
</ul>,
        "_debugID": 2,
        "_renderedOutput": <ul>
          <MessageListItem
                    message={
                              Object {
                                        "id": "cd445e6d-e514-424f-ba8f-16ec842002c6",
                                        "message": "Quisque erat eros, viverra eget, congue eget, semper rutrum, nulla.",
                                        "timestamp": "2017-02-09T04:27:38Z",
                                        "user": Object {
                                          "avatar": "http://dummyimage.com/100x100.jpg/5fa2dd/ffffff",
                                          "email": "arosec@bbb.org",
                                          "firstName": "Albert",
                                          "id": "fe27b760-a915-475c-80bb-7cdf14cc6ef3",
                                          "ip": "20.79.231.223",
                                          "lastName": "Rose",
                                        },
                                        "userId": "fe27b760-a915-475c-80bb-7cdf14cc6ef3",
                                      }
                    } />
</ul>,
      },
      "_renderedNodeType": 0,
      "_rootNodeID": 0,
      "_topLevelWrapper": null,
      "_updateBatchNumber": null,
      "_warnedAboutRefsInRender": false,
    },
    "getRenderOutput": [Function],
    "render": [Function],
  },
  "root": [Circular],
  "unrendered": <MessageList
    messages={
        Array [
            Object {
              "id": "cd445e6d-e514-424f-ba8f-16ec842002c6",
              "message": "Quisque erat eros, viverra eget, congue eget, semper rutrum, nulla.",
              "timestamp": "2017-02-09T04:27:38Z",
              "user": Object {
                "avatar": "http://dummyimage.com/100x100.jpg/5fa2dd/ffffff",
                "email": "arosec@bbb.org",
                "firstName": "Albert",
                "id": "fe27b760-a915-475c-80bb-7cdf14cc6ef3",
                "ip": "20.79.231.223",
                "lastName": "Rose",
              },
              "userId": "fe27b760-a915-475c-80bb-7cdf14cc6ef3",
            },
          ]
    } />,
}
`;
